[INFO] Scanning for projects...
[INFO] 
[INFO] ---------------------< com.antojito:maps-backend >----------------------
[INFO] Building maps-backend 0.0.1-SNAPSHOT
[INFO]   from pom.xml
[INFO] --------------------------------[ jar ]---------------------------------
[INFO] 
[INFO] >>> spring-boot:3.2.4:run (default-cli) > test-compile @ maps-backend >>>
[INFO] 
[INFO] --- resources:3.3.1:resources (default-resources) @ maps-backend ---
[INFO] Copying 1 resource from src\main\resources to target\classes
[INFO] Copying 1 resource from src\main\resources to target\classes
[INFO] 
[INFO] --- compiler:3.11.0:compile (default-compile) @ maps-backend ---
[INFO] Nothing to compile - all classes are up to date
[INFO] 
[INFO] --- resources:3.3.1:testResources (default-testResources) @ maps-backend ---
[INFO] Copying 1 resource from src\test\resources to target\test-classes
[INFO] 
[INFO] --- compiler:3.11.0:testCompile (default-testCompile) @ maps-backend ---
[INFO] Nothing to compile - all classes are up to date
[INFO] 
[INFO] <<< spring-boot:3.2.4:run (default-cli) < test-compile @ maps-backend <<<
[INFO] 
[INFO] 
[INFO] --- spring-boot:3.2.4:run (default-cli) @ maps-backend ---
[INFO] Attaching agents: []

  .   ____          _            __ _ _
 /\\ / ___'_ __ _ _(_)_ __  __ _ \ \ \ \
( ( )\___ | '_ | '_| | '_ \/ _` | \ \ \ \
 \\/  ___)| |_)| | | | | || (_| |  ) ) ) )
  '  |____| .__|_| |_|_| |_\__, | / / / /
 =========|_|==============|___/=/_/_/_/
 :: Spring Boot ::                (v3.2.4)

2026-05-12T15:17:02.912-04:00  INFO 29144 --- [maps-backend] [  restartedMain] c.a.maps_backend.MapsBackendApplication  : Starting MapsBackendApplication using Java 21.0.10 with PID 29144 (E:\UCB - ProgramsDeveloped\AntojitosMaps\Antogito_Maps_Backend\maps-backend\target\classes started by dougl in E:\UCB - ProgramsDeveloped\AntojitosMaps\Antogito_Maps_Backend\maps-backend)
2026-05-12T15:17:02.913-04:00  INFO 29144 --- [maps-backend] [  restartedMain] c.a.maps_backend.MapsBackendApplication  : No active profile set, falling back to 1 default profile: "default"
2026-05-12T15:17:02.943-04:00  INFO 29144 --- [maps-backend] [  restartedMain] .e.DevToolsPropertyDefaultsPostProcessor : Devtools property defaults active! Set 'spring.devtools.add-properties' to 'false' to disable
2026-05-12T15:17:02.943-04:00  INFO 29144 --- [maps-backend] [  restartedMain] .e.DevToolsPropertyDefaultsPostProcessor : For additional web related logging consider setting the 'logging.level.web' property to 'DEBUG'
2026-05-12T15:17:03.634-04:00  INFO 29144 --- [maps-backend] [  restartedMain] .s.d.r.c.RepositoryConfigurationDelegate : Multiple Spring Data modules found, entering strict repository configuration mode
2026-05-12T15:17:03.636-04:00  INFO 29144 --- [maps-backend] [  restartedMain] .s.d.r.c.RepositoryConfigurationDelegate : Bootstrapping Spring Data JPA repositories in DEFAULT mode.
2026-05-12T15:17:03.666-04:00  INFO 29144 --- [maps-backend] [  restartedMain] .RepositoryConfigurationExtensionSupport : Spring Data JPA - Could not safely identify store assignment for repository candidate interface com.antojito.maps_backend.repository.ChatRepository; If you want this repository to be a JPA repository, consider annotating your entities with one of these annotations: jakarta.persistence.Entity, jakarta.persistence.MappedSuperclass (preferred), or consider extending one of the following types with your repository: org.springframework.data.jpa.repository.JpaRepository
2026-05-12T15:17:03.684-04:00  INFO 29144 --- [maps-backend] [  restartedMain] .s.d.r.c.RepositoryConfigurationDelegate : Finished Spring Data repository scanning in 44 ms. Found 5 JPA repository interfaces.
2026-05-12T15:17:03.689-04:00  INFO 29144 --- [maps-backend] [  restartedMain] .s.d.r.c.RepositoryConfigurationDelegate : Multiple Spring Data modules found, entering strict repository configuration mode
2026-05-12T15:17:03.690-04:00  INFO 29144 --- [maps-backend] [  restartedMain] .s.d.r.c.RepositoryConfigurationDelegate : Bootstrapping Spring Data MongoDB repositories in DEFAULT mode.
2026-05-12T15:17:03.694-04:00  INFO 29144 --- [maps-backend] [  restartedMain] .RepositoryConfigurationExtensionSupport : Spring Data MongoDB - Could not safely identify store assignment for repository candidate interface com.antojito.maps_backend.repository.AdminRepository; If you want this repository to be a MongoDB repository, consider annotating your entities with one of these annotations: org.springframework.data.mongodb.core.mapping.Document (preferred), or consider extending one of the following types with your repository: org.springframework.data.mongodb.repository.MongoRepository
2026-05-12T15:17:03.695-04:00  INFO 29144 --- [maps-backend] [  restartedMain] .RepositoryConfigurationExtensionSupport : Spring Data MongoDB - Could not safely identify store assignment for repository candidate interface com.antojito.maps_backend.repository.ClientRepository; If you want this repository to be a MongoDB repository, consider annotating your entities with one of these annotations: org.springframework.data.mongodb.core.mapping.Document (preferred), or consider extending one of the following types with your repository: org.springframework.data.mongodb.repository.MongoRepository
2026-05-12T15:17:03.695-04:00  INFO 29144 --- [maps-backend] [  restartedMain] .RepositoryConfigurationExtensionSupport : Spring Data MongoDB - Could not safely identify store assignment for repository candidate interface com.antojito.maps_backend.repository.ComplaintRepository; If you want this repository to be a MongoDB repository, consider annotating your entities with one of these annotations: org.springframework.data.mongodb.core.mapping.Document (preferred), or consider extending one of the following types with your repository: org.springframework.data.mongodb.repository.MongoRepository
2026-05-12T15:17:03.695-04:00  INFO 29144 --- [maps-backend] [  restartedMain] .RepositoryConfigurationExtensionSupport : Spring Data MongoDB - Could not safely identify store assignment for repository candidate interface com.antojito.maps_backend.repository.PromotionRepository; If you want this repository to be a MongoDB repository, consider annotating your entities with one of these annotations: org.springframework.data.mongodb.core.mapping.Document (preferred), or consider extending one of the following types with your repository: org.springframework.data.mongodb.repository.MongoRepository
2026-05-12T15:17:03.695-04:00  INFO 29144 --- [maps-backend] [  restartedMain] .RepositoryConfigurationExtensionSupport : Spring Data MongoDB - Could not safely identify store assignment for repository candidate interface com.antojito.maps_backend.repository.RestauranteRepository; If you want this repository to be a MongoDB repository, consider annotating your entities with one of these annotations: org.springframework.data.mongodb.core.mapping.Document (preferred), or consider extending one of the following types with your repository: org.springframework.data.mongodb.repository.MongoRepository
2026-05-12T15:17:03.697-04:00  INFO 29144 --- [maps-backend] [  restartedMain] .s.d.r.c.RepositoryConfigurationDelegate : Finished Spring Data repository scanning in 7 ms. Found 1 MongoDB repository interface.
2026-05-12T15:17:04.211-04:00  INFO 29144 --- [maps-backend] [  restartedMain] o.s.b.w.embedded.tomcat.TomcatWebServer  : Tomcat initialized with port 8080 (http)
2026-05-12T15:17:04.229-04:00  INFO 29144 --- [maps-backend] [  restartedMain] o.apache.catalina.core.StandardService   : Starting service [Tomcat]
2026-05-12T15:17:04.229-04:00  INFO 29144 --- [maps-backend] [  restartedMain] o.apache.catalina.core.StandardEngine    : Starting Servlet engine: [Apache Tomcat/10.1.19]
2026-05-12T15:17:04.270-04:00  INFO 29144 --- [maps-backend] [  restartedMain] o.a.c.c.C.[Tomcat].[localhost].[/]       : Initializing Spring embedded WebApplicationContext
2026-05-12T15:17:04.270-04:00  INFO 29144 --- [maps-backend] [  restartedMain] w.s.c.ServletWebServerApplicationContext : Root WebApplicationContext: initialization completed in 1326 ms
2026-05-12T15:17:04.448-04:00  INFO 29144 --- [maps-backend] [  restartedMain] o.hibernate.jpa.internal.util.LogHelper  : HHH000204: Processing PersistenceUnitInfo [name: default]
2026-05-12T15:17:04.479-04:00  INFO 29144 --- [maps-backend] [  restartedMain] org.hibernate.Version                    : HHH000412: Hibernate ORM core version 6.4.4.Final
2026-05-12T15:17:04.496-04:00  INFO 29144 --- [maps-backend] [  restartedMain] o.h.c.internal.RegionFactoryInitiator    : HHH000026: Second-level cache disabled
2026-05-12T15:17:04.632-04:00  INFO 29144 --- [maps-backend] [  restartedMain] o.s.o.j.p.SpringPersistenceUnitInfo      : No LoadTimeWeaver setup: ignoring JPA class transformer
2026-05-12T15:17:04.648-04:00  INFO 29144 --- [maps-backend] [  restartedMain] com.zaxxer.hikari.HikariDataSource       : HikariPool-1 - Starting...
2026-05-12T15:17:07.417-04:00  INFO 29144 --- [maps-backend] [  restartedMain] com.zaxxer.hikari.pool.HikariPool        : HikariPool-1 - Added connection org.postgresql.jdbc.PgConnection@57054367
2026-05-12T15:17:07.418-04:00  INFO 29144 --- [maps-backend] [  restartedMain] com.zaxxer.hikari.HikariDataSource       : HikariPool-1 - Start completed.
2026-05-12T15:17:07.697-04:00  WARN 29144 --- [maps-backend] [  restartedMain] org.hibernate.orm.deprecation            : HHH90000025: PostgreSQLDialect does not need to be specified explicitly using 'hibernate.dialect' (remove the property setting and it will be selected by default)
2026-05-12T15:17:08.789-04:00  INFO 29144 --- [maps-backend] [  restartedMain] o.h.e.t.j.p.i.JtaPlatformInitiator       : HHH000489: No JTA platform available (set 'hibernate.transaction.jta.platform' to enable JTA platform integration)
2026-05-12T15:17:08.792-04:00  INFO 29144 --- [maps-backend] [  restartedMain] j.LocalContainerEntityManagerFactoryBean : Initialized JPA EntityManagerFactory for persistence unit 'default'
Firebase Admin SDK inicializado correctamente.
2026-05-12T15:17:09.369-04:00  INFO 29144 --- [maps-backend] [  restartedMain] org.mongodb.driver.client                : MongoClient with metadata {"application": {"name": "Cluster0"}, "driver": {"name": "mongo-java-driver|sync|spring-boot", "version": "4.11.1"}, "os": {"type": "Windows", "name": "Windows 11", "architecture": "amd64", "version": "10.0"}, "platform": "Java/Oracle Corporation/21.0.10+8-LTS-217"} created with settings MongoClientSettings{readPreference=primary, writeConcern=WriteConcern{w=null, wTimeout=null ms, journal=null}, retryWrites=true, retryReads=true, readConcern=ReadConcern{level=null}, credential=MongoCredential{mechanism=null, userName='admin', source='admin', password=<hidden>, mechanismProperties=<hidden>}, transportSettings=null, streamFactoryFactory=null, commandListeners=[io.micrometer.core.instrument.binder.mongodb.MongoMetricsCommandListener@2775bb63], codecRegistry=ProvidersCodecRegistry{codecProviders=[ValueCodecProvider{}, BsonValueCodecProvider{}, DBRefCodecProvider{}, DBObjectCodecProvider{}, DocumentCodecProvider{}, CollectionCodecProvider{}, IterableCodecProvider{}, MapCodecProvider{}, GeoJsonCodecProvider{}, GridFSFileCodecProvider{}, Jsr310CodecProvider{}, JsonObjectCodecProvider{}, BsonCodecProvider{}, EnumCodecProvider{}, com.mongodb.client.model.mql.ExpressionCodecProvider@3399a372, com.mongodb.Jep395RecordCodecProvider@3136c3e, com.mongodb.KotlinCodecProvider@109e3e57]}, loggerSettings=LoggerSettings{maxDocumentLength=1000}, clusterSettings={hosts=[127.0.0.1:27017], srvHost=cluster0.3xx7bv9.mongodb.net, srvServiceName=mongodb, mode=MULTIPLE, requiredClusterType=REPLICA_SET, requiredReplicaSetName='atlas-60chbn-shard-0', serverSelector='null', clusterListeners='[]', serverSelectionTimeout='30000 ms', localThreshold='15 ms'}, socketSettings=SocketSettings{connectTimeoutMS=10000, readTimeoutMS=0, receiveBufferSize=0, proxySettings=ProxySettings{host=null, port=null, username=null, password=null}}, heartbeatSocketSettings=SocketSettings{connectTimeoutMS=10000, readTimeoutMS=10000, receiveBufferSize=0, proxySettings=ProxySettings{host=null, port=null, username=null, password=null}}, connectionPoolSettings=ConnectionPoolSettings{maxSize=100, minSize=0, maxWaitTimeMS=120000, maxConnectionLifeTimeMS=0, maxConnectionIdleTimeMS=0, maintenanceInitialDelayMS=0, maintenanceFrequencyMS=60000, connectionPoolListeners=[io.micrometer.core.instrument.binder.mongodb.MongoMetricsConnectionPoolListener@78797256], maxConnecting=2}, serverSettings=ServerSettings{heartbeatFrequencyMS=10000, minHeartbeatFrequencyMS=500, serverListeners='[]', serverMonitorListeners='[]'}, sslSettings=SslSettings{enabled=true, invalidHostNameAllowed=false, context=null}, applicationName='Cluster0', compressorList=[], uuidRepresentation=JAVA_LEGACY, serverApi=null, autoEncryptionSettings=null, dnsClient=null, inetAddressResolver=null, contextProvider=null}
2026-05-12T15:17:09.425-04:00  INFO 29144 --- [maps-backend] [bv9.mongodb.net] org.mongodb.driver.cluster               : Adding discovered server ac-5bu8x0v-shard-00-00.3xx7bv9.mongodb.net:27017 to client view of cluster
2026-05-12T15:17:09.439-04:00  INFO 29144 --- [maps-backend] [  restartedMain] o.s.b.d.a.OptionalLiveReloadServer       : LiveReload server is running on port 35729
2026-05-12T15:17:09.445-04:00  INFO 29144 --- [maps-backend] [bv9.mongodb.net] org.mongodb.driver.cluster               : Adding discovered server ac-5bu8x0v-shard-00-02.3xx7bv9.mongodb.net:27017 to client view of cluster
2026-05-12T15:17:09.446-04:00  INFO 29144 --- [maps-backend] [bv9.mongodb.net] org.mongodb.driver.cluster               : Adding discovered server ac-5bu8x0v-shard-00-01.3xx7bv9.mongodb.net:27017 to client view of cluster
2026-05-12T15:17:09.538-04:00  INFO 29144 --- [maps-backend] [  restartedMain] c.a.maps_backend.service.ChatService     : System prompt cargado desde system_prompt.txt
2026-05-12T15:17:09.538-04:00  INFO 29144 --- [maps-backend] [  restartedMain] c.a.maps_backend.service.ChatService     : Contexto estructurado cargado desde context.json
2026-05-12T15:17:09.572-04:00  INFO 29144 --- [maps-backend] [  restartedMain] c.a.maps_backend.service.ChatService     : Se cargaron 13 conversaciones desde conversations.json
2026-05-12T15:17:09.789-04:00  WARN 29144 --- [maps-backend] [  restartedMain] JpaBaseConfiguration$JpaWebConfiguration : spring.jpa.open-in-view is enabled by default. Therefore, database queries may be performed during view rendering. Explicitly configure spring.jpa.open-in-view to disable this warning
2026-05-12T15:17:09.808-04:00  INFO 29144 --- [maps-backend] [ngodb.net:27017] org.mongodb.driver.cluster               : Monitor thread successfully connected to server with description ServerDescription{address=ac-5bu8x0v-shard-00-02.3xx7bv9.mongodb.net:27017, type=REPLICA_SET_SECONDARY, state=CONNECTED, ok=true, minWireVersion=0, maxWireVersion=25, maxDocumentSize=16777216, logicalSessionTimeoutMinutes=30, roundTripTimeNanos=205316200, setName='atlas-60chbn-shard-0', canonicalAddress=ac-5bu8x0v-shard-00-02.3xx7bv9.mongodb.net:27017, hosts=[ac-5bu8x0v-shard-00-00.3xx7bv9.mongodb.net:27017, ac-5bu8x0v-shard-00-01.3xx7bv9.mongodb.net:27017, ac-5bu8x0v-shard-00-02.3xx7bv9.mongodb.net:27017], passives=[], arbiters=[], primary='ac-5bu8x0v-shard-00-01.3xx7bv9.mongodb.net:27017', tagSet=TagSet{[Tag{name='availabilityZone', value='sae1-az2'}, Tag{name='cacheState', value='READY'}, Tag{name='diskState', value='READY'}, Tag{name='nodeType', value='ELECTABLE'}, Tag{name='provider', value='AWS'}, Tag{name='region', value='SA_EAST_1'}, Tag{name='workloadType', value='OPERATIONAL'}]}, electionId=null, setVersion=34, topologyVersion=TopologyVersion{processId=69ff7c60e60997336d9271a2, counter=3}, lastWriteDate=Tue May 12 15:15:19 BOT 2026, lastUpdateTimeNanos=1495488423900}
2026-05-12T15:17:09.808-04:00  INFO 29144 --- [maps-backend] [ngodb.net:27017] org.mongodb.driver.cluster               : Monitor thread successfully connected to server with description ServerDescription{address=ac-5bu8x0v-shard-00-01.3xx7bv9.mongodb.net:27017, type=REPLICA_SET_PRIMARY, state=CONNECTED, ok=true, minWireVersion=0, maxWireVersion=25, maxDocumentSize=16777216, logicalSessionTimeoutMinutes=30, roundTripTimeNanos=198614400, setName='atlas-60chbn-shard-0', canonicalAddress=ac-5bu8x0v-shard-00-01.3xx7bv9.mongodb.net:27017, hosts=[ac-5bu8x0v-shard-00-00.3xx7bv9.mongodb.net:27017, ac-5bu8x0v-shard-00-01.3xx7bv9.mongodb.net:27017, ac-5bu8x0v-shard-00-02.3xx7bv9.mongodb.net:27017], passives=[], arbiters=[], primary='ac-5bu8x0v-shard-00-01.3xx7bv9.mongodb.net:27017', tagSet=TagSet{[Tag{name='availabilityZone', value='sae1-az3'}, Tag{name='cacheState', value='READY'}, Tag{name='diskState', value='READY'}, Tag{name='nodeType', value='ELECTABLE'}, Tag{name='provider', value='AWS'}, Tag{name='region', value='SA_EAST_1'}, Tag{name='workloadType', value='OPERATIONAL'}]}, electionId=7fffffff00000000000000cc, setVersion=34, topologyVersion=TopologyVersion{processId=69ff7abb86414cfc7ae81622, counter=6}, lastWriteDate=Tue May 12 15:15:19 BOT 2026, lastUpdateTimeNanos=1495488423900}
2026-05-12T15:17:09.808-04:00  INFO 29144 --- [maps-backend] [ngodb.net:27017] org.mongodb.driver.cluster               : Monitor thread successfully connected to server with description ServerDescription{address=ac-5bu8x0v-shard-00-00.3xx7bv9.mongodb.net:27017, type=REPLICA_SET_SECONDARY, state=CONNECTED, ok=true, minWireVersion=0, maxWireVersion=25, maxDocumentSize=16777216, logicalSessionTimeoutMinutes=30, roundTripTimeNanos=208615800, setName='atlas-60chbn-shard-0', canonicalAddress=ac-5bu8x0v-shard-00-00.3xx7bv9.mongodb.net:27017, hosts=[ac-5bu8x0v-shard-00-00.3xx7bv9.mongodb.net:27017, ac-5bu8x0v-shard-00-01.3xx7bv9.mongodb.net:27017, ac-5bu8x0v-shard-00-02.3xx7bv9.mongodb.net:27017], passives=[], arbiters=[], primary='ac-5bu8x0v-shard-00-01.3xx7bv9.mongodb.net:27017', tagSet=TagSet{[Tag{name='availabilityZone', value='sae1-az1'}, Tag{name='cacheState', value='READY'}, Tag{name='diskState', value='READY'}, Tag{name='nodeType', value='ELECTABLE'}, Tag{name='provider', value='AWS'}, Tag{name='region', value='SA_EAST_1'}, Tag{name='workloadType', value='OPERATIONAL'}]}, electionId=null, setVersion=34, topologyVersion=TopologyVersion{processId=69ff79004379065535811efc, counter=4}, lastWriteDate=Tue May 12 15:15:19 BOT 2026, lastUpdateTimeNanos=1495489383600}
2026-05-12T15:17:09.810-04:00  INFO 29144 --- [maps-backend] [ngodb.net:27017] org.mongodb.driver.cluster               : Discovered replica set primary ac-5bu8x0v-shard-00-01.3xx7bv9.mongodb.net:27017 with max election id 7fffffff00000000000000cc and max set version 34
2026-05-12T15:17:10.263-04:00  INFO 29144 --- [maps-backend] [  restartedMain] o.s.b.a.e.web.EndpointLinksResolver      : Exposing 1 endpoint(s) beneath base path '/actuator'
2026-05-12T15:17:10.313-04:00  INFO 29144 --- [maps-backend] [  restartedMain] o.s.b.w.embedded.tomcat.TomcatWebServer  : Tomcat started on port 8080 (http) with context path ''
2026-05-12T15:17:10.320-04:00  INFO 29144 --- [maps-backend] [  restartedMain] c.a.maps_backend.MapsBackendApplication  : Started MapsBackendApplication in 7.633 seconds (process running for 7.985)
2026-05-12T15:18:09.920-04:00  INFO 29144 --- [maps-backend] [nio-8080-exec-1] o.a.c.c.C.[Tomcat].[localhost].[/]       : Initializing Spring DispatcherServlet 'dispatcherServlet'
2026-05-12T15:18:09.920-04:00  INFO 29144 --- [maps-backend] [nio-8080-exec-1] o.s.web.servlet.DispatcherServlet        : Initializing Servlet 'dispatcherServlet'
2026-05-12T15:18:09.922-04:00  INFO 29144 --- [maps-backend] [nio-8080-exec-1] o.s.web.servlet.DispatcherServlet        : Completed initialization in 2 ms
2026-05-12T15:18:09.930-04:00  INFO 29144 --- [maps-backend] [nio-8080-exec-1] c.a.m.config.RequestLoggingFilter        : Request: POST /restaurant/owner/register
2026-05-12T15:18:09.959-04:00  WARN 29144 --- [maps-backend] [nio-8080-exec-1] .m.m.a.ExceptionHandlerExceptionResolver : Resolved [org.springframework.web.servlet.resource.NoResourceFoundException: No static resource restaurant/owner/register.]
2026-05-12T15:18:10.045-04:00  INFO 29144 --- [maps-backend] [nio-8080-exec-2] c.a.m.config.RequestLoggingFilter        : Request: POST /restaurant/owner/register
2026-05-12T15:18:10.047-04:00  WARN 29144 --- [maps-backend] [nio-8080-exec-2] .m.m.a.ExceptionHandlerExceptionResolver : Resolved [org.springframework.web.servlet.resource.NoResourceFoundException: No static resource restaurant/owner/register.]
2026-05-12T15:18:10.050-04:00  INFO 29144 --- [maps-backend] [nio-8080-exec-3] c.a.m.config.RequestLoggingFilter        : Request: POST /restaurant/owner/register
2026-05-12T15:18:10.053-04:00  WARN 29144 --- [maps-backend] [nio-8080-exec-3] .m.m.a.ExceptionHandlerExceptionResolver : Resolved [org.springframework.web.servlet.resource.NoResourceFoundException: No static resource restaurant/owner/register.]
2026-05-12T15:20:33.235-04:00  INFO 29144 --- [maps-backend] [nio-8080-exec-4] c.a.m.config.RequestLoggingFilter        : Request: POST /restaurant/registry
2026-05-12T15:20:33.279-04:00  WARN 29144 --- [maps-backend] [nio-8080-exec-4] .m.m.a.ExceptionHandlerExceptionResolver : Resolved [org.springframework.web.bind.MethodArgumentNotValidException: Validation failed for argument [0] in public org.springframework.http.ResponseEntity<com.antojito.maps_backend.dto.ApiMessageResponse> com.antojito.maps_backend.controller.AuthController.registry(com.antojito.maps_backend.dto.FirebaseLoginRequest): [Field error in object 'firebaseLoginRequest' on field 'idToken': rejected value [null]; codes [NotBlank.firebaseLoginRequest.idToken,NotBlank.idToken,NotBlank.java.lang.String,NotBlank]; arguments [org.springframework.context.support.DefaultMessageSourceResolvable: codes [firebaseLoginRequest.idToken,idToken]; arguments []; default message [idToken]]; default message [El token de Firebase es obligatorio]] ]
2026-05-12T15:20:33.350-04:00  INFO 29144 --- [maps-backend] [nio-8080-exec-5] c.a.m.config.RequestLoggingFilter        : Request: POST /restaurant/create
2026-05-12T15:20:33.363-04:00  WARN 29144 --- [maps-backend] [nio-8080-exec-5] .m.m.a.ExceptionHandlerExceptionResolver : Resolved [org.springframework.http.converter.HttpMessageNotReadableException: JSON parse error: Invalid UTF-8 middle byte 0x61]
2026-05-12T15:20:33.387-04:00  INFO 29144 --- [maps-backend] [nio-8080-exec-6] c.a.m.config.RequestLoggingFilter        : Request: POST /restaurant/login
2026-05-12T15:20:33.389-04:00  WARN 29144 --- [maps-backend] [nio-8080-exec-6] .m.m.a.ExceptionHandlerExceptionResolver : Resolved [org.springframework.web.bind.MethodArgumentNotValidException: Validation failed for argument [0] in public org.springframework.http.ResponseEntity<com.antojito.maps_backend.dto.RestaurantLoginResponse> com.antojito.maps_backend.controller.AuthController.login(com.antojito.maps_backend.dto.FirebaseLoginRequest): [Field error in object 'firebaseLoginRequest' on field 'idToken': rejected value [null]; codes [NotBlank.firebaseLoginRequest.idToken,NotBlank.idToken,NotBlank.java.lang.String,NotBlank]; arguments [org.springframework.context.support.DefaultMessageSourceResolvable: codes [firebaseLoginRequest.idToken,idToken]; arguments []; default message [idToken]]; default message [El token de Firebase es obligatorio]] ]
2026-05-12T15:20:33.395-04:00  INFO 29144 --- [maps-backend] [nio-8080-exec-7] c.a.m.config.RequestLoggingFilter        : Request: POST /restaurant/registry
2026-05-12T15:20:33.397-04:00  WARN 29144 --- [maps-backend] [nio-8080-exec-7] .m.m.a.ExceptionHandlerExceptionResolver : Resolved [org.springframework.web.bind.MethodArgumentNotValidException: Validation failed for argument [0] in public org.springframework.http.ResponseEntity<com.antojito.maps_backend.dto.ApiMessageResponse> com.antojito.maps_backend.controller.AuthController.registry(com.antojito.maps_backend.dto.FirebaseLoginRequest): [Field error in object 'firebaseLoginRequest' on field 'idToken': rejected value [null]; codes [NotBlank.firebaseLoginRequest.idToken,NotBlank.idToken,NotBlank.java.lang.String,NotBlank]; arguments [org.springframework.context.support.DefaultMessageSourceResolvable: codes [firebaseLoginRequest.idToken,idToken]; arguments []; default message [idToken]]; default message [El token de Firebase es obligatorio]] ]
2026-05-12T15:20:33.400-04:00  INFO 29144 --- [maps-backend] [nio-8080-exec-8] c.a.m.config.RequestLoggingFilter        : Request: POST /restaurant/create
2026-05-12T15:20:34.185-04:00  WARN 29144 --- [maps-backend] [nio-8080-exec-8] .m.m.a.ExceptionHandlerExceptionResolver : Resolved [com.antojito.maps_backend.exception.ResourceNotFoundException: No existe owner con mail sushizen@test.com]
2026-05-12T15:20:34.188-04:00  INFO 29144 --- [maps-backend] [nio-8080-exec-9] c.a.m.config.RequestLoggingFilter        : Request: POST /restaurant/login
2026-05-12T15:20:34.189-04:00  WARN 29144 --- [maps-backend] [nio-8080-exec-9] .m.m.a.ExceptionHandlerExceptionResolver : Resolved [org.springframework.web.bind.MethodArgumentNotValidException: Validation failed for argument [0] in public org.springframework.http.ResponseEntity<com.antojito.maps_backend.dto.RestaurantLoginResponse> com.antojito.maps_backend.controller.AuthController.login(com.antojito.maps_backend.dto.FirebaseLoginRequest): [Field error in object 'firebaseLoginRequest' on field 'idToken': rejected value [null]; codes [NotBlank.firebaseLoginRequest.idToken,NotBlank.idToken,NotBlank.java.lang.String,NotBlank]; arguments [org.springframework.context.support.DefaultMessageSourceResolvable: codes [firebaseLoginRequest.idToken,idToken]; arguments []; default message [idToken]]; default message [El token de Firebase es obligatorio]] ]
2026-05-12T15:20:34.193-04:00  INFO 29144 --- [maps-backend] [io-8080-exec-10] c.a.m.config.RequestLoggingFilter        : Request: POST /restaurant/registry
2026-05-12T15:20:34.193-04:00  WARN 29144 --- [maps-backend] [io-8080-exec-10] .m.m.a.ExceptionHandlerExceptionResolver : Resolved [org.springframework.web.bind.MethodArgumentNotValidException: Validation failed for argument [0] in public org.springframework.http.ResponseEntity<com.antojito.maps_backend.dto.ApiMessageResponse> com.antojito.maps_backend.controller.AuthController.registry(com.antojito.maps_backend.dto.FirebaseLoginRequest): [Field error in object 'firebaseLoginRequest' on field 'idToken': rejected value [null]; codes [NotBlank.firebaseLoginRequest.idToken,NotBlank.idToken,NotBlank.java.lang.String,NotBlank]; arguments [org.springframework.context.support.DefaultMessageSourceResolvable: codes [firebaseLoginRequest.idToken,idToken]; arguments []; default message [idToken]]; default message [El token de Firebase es obligatorio]] ]
2026-05-12T15:20:34.196-04:00  INFO 29144 --- [maps-backend] [nio-8080-exec-1] c.a.m.config.RequestLoggingFilter        : Request: POST /restaurant/create
2026-05-12T15:20:34.687-04:00  WARN 29144 --- [maps-backend] [nio-8080-exec-1] .m.m.a.ExceptionHandlerExceptionResolver : Resolved [com.antojito.maps_backend.exception.ResourceNotFoundException: No existe owner con mail burger@test.com]
2026-05-12T15:20:34.691-04:00  INFO 29144 --- [maps-backend] [nio-8080-exec-2] c.a.m.config.RequestLoggingFilter        : Request: POST /restaurant/login
2026-05-12T15:20:34.693-04:00  WARN 29144 --- [maps-backend] [nio-8080-exec-2] .m.m.a.ExceptionHandlerExceptionResolver : Resolved [org.springframework.web.bind.MethodArgumentNotValidException: Validation failed for argument [0] in public org.springframework.http.ResponseEntity<com.antojito.maps_backend.dto.RestaurantLoginResponse> com.antojito.maps_backend.controller.AuthController.login(com.antojito.maps_backend.dto.FirebaseLoginRequest): [Field error in object 'firebaseLoginRequest' on field 'idToken': rejected value [null]; codes [NotBlank.firebaseLoginRequest.idToken,NotBlank.idToken,NotBlank.java.lang.String,NotBlank]; arguments [org.springframework.context.support.DefaultMessageSourceResolvable: codes [firebaseLoginRequest.idToken,idToken]; arguments []; default message [idToken]]; default message [El token de Firebase es obligatorio]] ]
2026-05-12T15:20:46.441-04:00  INFO 29144 --- [maps-backend] [nio-8080-exec-3] c.a.m.config.RequestLoggingFilter        : Request: GET /restaurant/all
Hibernate: 
    select
        r1_0.uuid,
        r1_0.category,
        r1_0.description,
        r1_0.image_url,
        r1_0.is_blocked,
        r1_0.latitude,
        r1_0.longitude,
        r1_0.name,
        r1_0.plan_expiration_date,
        r1_0.plan_suscription 
    from
        restaurant r1_0
2026-05-12T15:21:08.077-04:00  INFO 29144 --- [maps-backend] [nio-8080-exec-5] c.a.m.config.RequestLoggingFilter        : Request: POST /restaurant/login
2026-05-12T15:21:08.080-04:00  WARN 29144 --- [maps-backend] [nio-8080-exec-5] .m.m.a.ExceptionHandlerExceptionResolver : Resolved [org.springframework.web.bind.MethodArgumentNotValidException: Validation failed for argument [0] in public org.springframework.http.ResponseEntity<com.antojito.maps_backend.dto.RestaurantLoginResponse> com.antojito.maps_backend.controller.AuthController.login(com.antojito.maps_backend.dto.FirebaseLoginRequest): [Field error in object 'firebaseLoginRequest' on field 'idToken': rejected value [null]; codes [NotBlank.firebaseLoginRequest.idToken,NotBlank.idToken,NotBlank.java.lang.String,NotBlank]; arguments [org.springframework.context.support.DefaultMessageSourceResolvable: codes [firebaseLoginRequest.idToken,idToken]; arguments []; default message [idToken]]; default message [El token de Firebase es obligatorio]] ]
2026-05-12T15:21:08.199-04:00  INFO 29144 --- [maps-backend] [nio-8080-exec-6] c.a.m.config.RequestLoggingFilter        : Request: POST /restaurant/create
2026-05-12T15:21:08.200-04:00  WARN 29144 --- [maps-backend] [nio-8080-exec-6] .m.m.a.ExceptionHandlerExceptionResolver : Resolved [org.springframework.http.converter.HttpMessageNotReadableException: JSON parse error: Invalid UTF-8 middle byte 0x61]
2026-05-12T15:22:35.095-04:00  INFO 29144 --- [maps-backend] [   File Watcher] rtingClassPathChangeChangedEventListener : Restarting due to 1 class path change (0 additions, 0 deletions, 1 modification)
2026-05-12T15:22:35.311-04:00  INFO 29144 --- [maps-backend] [       Thread-4] j.LocalContainerEntityManagerFactoryBean : Closing JPA EntityManagerFactory for persistence unit 'default'
2026-05-12T15:22:35.313-04:00  INFO 29144 --- [maps-backend] [       Thread-4] com.zaxxer.hikari.HikariDataSource       : HikariPool-1 - Shutdown initiated...
2026-05-12T15:22:35.326-04:00  INFO 29144 --- [maps-backend] [       Thread-4] com.zaxxer.hikari.HikariDataSource       : HikariPool-1 - Shutdown completed.

  .   ____          _            __ _ _
 /\\ / ___'_ __ _ _(_)_ __  __ _ \ \ \ \
( ( )\___ | '_ | '_| | '_ \/ _` | \ \ \ \
 \\/  ___)| |_)| | | | | || (_| |  ) ) ) )
  '  |____| .__|_| |_|_| |_\__, | / / / /
 =========|_|==============|___/=/_/_/_/
 :: Spring Boot ::                (v3.2.4)

2026-05-12T15:22:35.384-04:00  INFO 29144 --- [maps-backend] [  restartedMain] c.a.maps_backend.MapsBackendApplication  : Starting MapsBackendApplication using Java 21.0.10 with PID 29144 (E:\UCB - ProgramsDeveloped\AntojitosMaps\Antogito_Maps_Backend\maps-backend\target\classes started by dougl in E:\UCB - ProgramsDeveloped\AntojitosMaps\Antogito_Maps_Backend\maps-backend)
2026-05-12T15:22:35.385-04:00  INFO 29144 --- [maps-backend] [  restartedMain] c.a.maps_backend.MapsBackendApplication  : No active profile set, falling back to 1 default profile: "default"
2026-05-12T15:22:35.635-04:00  INFO 29144 --- [maps-backend] [  restartedMain] .s.d.r.c.RepositoryConfigurationDelegate : Multiple Spring Data modules found, entering strict repository configuration mode
2026-05-12T15:22:35.635-04:00  INFO 29144 --- [maps-backend] [  restartedMain] .s.d.r.c.RepositoryConfigurationDelegate : Bootstrapping Spring Data JPA repositories in DEFAULT mode.
2026-05-12T15:22:35.640-04:00  INFO 29144 --- [maps-backend] [  restartedMain] .RepositoryConfigurationExtensionSupport : Spring Data JPA - Could not safely identify store assignment for repository candidate interface com.antojito.maps_backend.repository.ChatRepository; If you want this repository to be a JPA repository, consider annotating your entities with one of these annotations: jakarta.persistence.Entity, jakarta.persistence.MappedSuperclass (preferred), or consider extending one of the following types with your repository: org.springframework.data.jpa.repository.JpaRepository
2026-05-12T15:22:35.648-04:00  INFO 29144 --- [maps-backend] [  restartedMain] .s.d.r.c.RepositoryConfigurationDelegate : Finished Spring Data repository scanning in 12 ms. Found 5 JPA repository interfaces.
2026-05-12T15:22:35.649-04:00  INFO 29144 --- [maps-backend] [  restartedMain] .s.d.r.c.RepositoryConfigurationDelegate : Multiple Spring Data modules found, entering strict repository configuration mode
2026-05-12T15:22:35.649-04:00  INFO 29144 --- [maps-backend] [  restartedMain] .s.d.r.c.RepositoryConfigurationDelegate : Bootstrapping Spring Data MongoDB repositories in DEFAULT mode.
2026-05-12T15:22:35.650-04:00  INFO 29144 --- [maps-backend] [  restartedMain] .RepositoryConfigurationExtensionSupport : Spring Data MongoDB - Could not safely identify store assignment for repository candidate interface com.antojito.maps_backend.repository.AdminRepository; If you want this repository to be a MongoDB repository, consider annotating your entities with one of these annotations: org.springframework.data.mongodb.core.mapping.Document (preferred), or consider extending one of the following types with your repository: org.springframework.data.mongodb.repository.MongoRepository
2026-05-12T15:22:35.651-04:00  INFO 29144 --- [maps-backend] [  restartedMain] .RepositoryConfigurationExtensionSupport : Spring Data MongoDB - Could not safely identify store assignment for repository candidate interface com.antojito.maps_backend.repository.ClientRepository; If you want this repository to be a MongoDB repository, consider annotating your entities with one of these annotations: org.springframework.data.mongodb.core.mapping.Document (preferred), or consider extending one of the following types with your repository: org.springframework.data.mongodb.repository.MongoRepository
2026-05-12T15:22:35.651-04:00  INFO 29144 --- [maps-backend] [  restartedMain] .RepositoryConfigurationExtensionSupport : Spring Data MongoDB - Could not safely identify store assignment for repository candidate interface com.antojito.maps_backend.repository.ComplaintRepository; If you want this repository to be a MongoDB repository, consider annotating your entities with one of these annotations: org.springframework.data.mongodb.core.mapping.Document (preferred), or consider extending one of the following types with your repository: org.springframework.data.mongodb.repository.MongoRepository
2026-05-12T15:22:35.651-04:00  INFO 29144 --- [maps-backend] [  restartedMain] .RepositoryConfigurationExtensionSupport : Spring Data MongoDB - Could not safely identify store assignment for repository candidate interface com.antojito.maps_backend.repository.PromotionRepository; If you want this repository to be a MongoDB repository, consider annotating your entities with one of these annotations: org.springframework.data.mongodb.core.mapping.Document (preferred), or consider extending one of the following types with your repository: org.springframework.data.mongodb.repository.MongoRepository
2026-05-12T15:22:35.652-04:00  INFO 29144 --- [maps-backend] [  restartedMain] .RepositoryConfigurationExtensionSupport : Spring Data MongoDB - Could not safely identify store assignment for repository candidate interface com.antojito.maps_backend.repository.RestauranteRepository; If you want this repository to be a MongoDB repository, consider annotating your entities with one of these annotations: org.springframework.data.mongodb.core.mapping.Document (preferred), or consider extending one of the following types with your repository: org.springframework.data.mongodb.repository.MongoRepository
2026-05-12T15:22:35.654-04:00  INFO 29144 --- [maps-backend] [  restartedMain] .s.d.r.c.RepositoryConfigurationDelegate : Finished Spring Data repository scanning in 4 ms. Found 1 MongoDB repository interface.
2026-05-12T15:22:35.736-04:00  INFO 29144 --- [maps-backend] [  restartedMain] o.s.b.w.embedded.tomcat.TomcatWebServer  : Tomcat initialized with port 8080 (http)
2026-05-12T15:22:35.737-04:00  INFO 29144 --- [maps-backend] [  restartedMain] o.apache.catalina.core.StandardService   : Starting service [Tomcat]
2026-05-12T15:22:35.738-04:00  INFO 29144 --- [maps-backend] [  restartedMain] o.apache.catalina.core.StandardEngine    : Starting Servlet engine: [Apache Tomcat/10.1.19]
2026-05-12T15:22:35.756-04:00  INFO 29144 --- [maps-backend] [  restartedMain] o.a.c.c.C.[Tomcat].[localhost].[/]       : Initializing Spring embedded WebApplicationContext
2026-05-12T15:22:35.756-04:00  INFO 29144 --- [maps-backend] [  restartedMain] w.s.c.ServletWebServerApplicationContext : Root WebApplicationContext: initialization completed in 370 ms
2026-05-12T15:22:35.828-04:00  INFO 29144 --- [maps-backend] [  restartedMain] o.hibernate.jpa.internal.util.LogHelper  : HHH000204: Processing PersistenceUnitInfo [name: default]
2026-05-12T15:22:35.830-04:00  INFO 29144 --- [maps-backend] [  restartedMain] o.h.c.internal.RegionFactoryInitiator    : HHH000026: Second-level cache disabled
2026-05-12T15:22:35.832-04:00  INFO 29144 --- [maps-backend] [  restartedMain] o.s.o.j.p.SpringPersistenceUnitInfo      : No LoadTimeWeaver setup: ignoring JPA class transformer
2026-05-12T15:22:35.833-04:00  INFO 29144 --- [maps-backend] [  restartedMain] com.zaxxer.hikari.HikariDataSource       : HikariPool-2 - Starting...
2026-05-12T15:22:38.420-04:00  INFO 29144 --- [maps-backend] [  restartedMain] com.zaxxer.hikari.pool.HikariPool        : HikariPool-2 - Added connection org.postgresql.jdbc.PgConnection@5526d6a7
2026-05-12T15:22:38.420-04:00  INFO 29144 --- [maps-backend] [  restartedMain] com.zaxxer.hikari.HikariDataSource       : HikariPool-2 - Start completed.
2026-05-12T15:22:38.673-04:00  WARN 29144 --- [maps-backend] [  restartedMain] org.hibernate.orm.deprecation            : HHH90000025: PostgreSQLDialect does not need to be specified explicitly using 'hibernate.dialect' (remove the property setting and it will be selected by default)
2026-05-12T15:22:39.235-04:00  INFO 29144 --- [maps-backend] [  restartedMain] o.h.e.t.j.p.i.JtaPlatformInitiator       : HHH000489: No JTA platform available (set 'hibernate.transaction.jta.platform' to enable JTA platform integration)
2026-05-12T15:22:39.236-04:00  INFO 29144 --- [maps-backend] [  restartedMain] j.LocalContainerEntityManagerFactoryBean : Initialized JPA EntityManagerFactory for persistence unit 'default'
2026-05-12T15:22:39.472-04:00  INFO 29144 --- [maps-backend] [  restartedMain] org.mongodb.driver.client                : MongoClient with metadata {"application": {"name": "Cluster0"}, "driver": {"name": "mongo-java-driver|sync|spring-boot", "version": "4.11.1"}, "os": {"type": "Windows", "name": "Windows 11", "architecture": "amd64", "version": "10.0"}, "platform": "Java/Oracle Corporation/21.0.10+8-LTS-217"} created with settings MongoClientSettings{readPreference=primary, writeConcern=WriteConcern{w=null, wTimeout=null ms, journal=null}, retryWrites=true, retryReads=true, readConcern=ReadConcern{level=null}, credential=MongoCredential{mechanism=null, userName='admin', source='admin', password=<hidden>, mechanismProperties=<hidden>}, transportSettings=null, streamFactoryFactory=null, commandListeners=[io.micrometer.core.instrument.binder.mongodb.MongoMetricsCommandListener@186b745a], codecRegistry=ProvidersCodecRegistry{codecProviders=[ValueCodecProvider{}, BsonValueCodecProvider{}, DBRefCodecProvider{}, DBObjectCodecProvider{}, DocumentCodecProvider{}, CollectionCodecProvider{}, IterableCodecProvider{}, MapCodecProvider{}, GeoJsonCodecProvider{}, GridFSFileCodecProvider{}, Jsr310CodecProvider{}, JsonObjectCodecProvider{}, BsonCodecProvider{}, EnumCodecProvider{}, com.mongodb.client.model.mql.ExpressionCodecProvider@3399a372, com.mongodb.Jep395RecordCodecProvider@3136c3e, com.mongodb.KotlinCodecProvider@109e3e57]}, loggerSettings=LoggerSettings{maxDocumentLength=1000}, clusterSettings={hosts=[127.0.0.1:27017], srvHost=cluster0.3xx7bv9.mongodb.net, srvServiceName=mongodb, mode=MULTIPLE, requiredClusterType=REPLICA_SET, requiredReplicaSetName='atlas-60chbn-shard-0', serverSelector='null', clusterListeners='[]', serverSelectionTimeout='30000 ms', localThreshold='15 ms'}, socketSettings=SocketSettings{connectTimeoutMS=10000, readTimeoutMS=0, receiveBufferSize=0, proxySettings=ProxySettings{host=null, port=null, username=null, password=null}}, heartbeatSocketSettings=SocketSettings{connectTimeoutMS=10000, readTimeoutMS=10000, receiveBufferSize=0, proxySettings=ProxySettings{host=null, port=null, username=null, password=null}}, connectionPoolSettings=ConnectionPoolSettings{maxSize=100, minSize=0, maxWaitTimeMS=120000, maxConnectionLifeTimeMS=0, maxConnectionIdleTimeMS=0, maintenanceInitialDelayMS=0, maintenanceFrequencyMS=60000, connectionPoolListeners=[io.micrometer.core.instrument.binder.mongodb.MongoMetricsConnectionPoolListener@340cab86], maxConnecting=2}, serverSettings=ServerSettings{heartbeatFrequencyMS=10000, minHeartbeatFrequencyMS=500, serverListeners='[]', serverMonitorListeners='[]'}, sslSettings=SslSettings{enabled=true, invalidHostNameAllowed=false, context=null}, applicationName='Cluster0', compressorList=[], uuidRepresentation=JAVA_LEGACY, serverApi=null, autoEncryptionSettings=null, dnsClient=null, inetAddressResolver=null, contextProvider=null}
2026-05-12T15:22:39.489-04:00  INFO 29144 --- [maps-backend] [  restartedMain] o.s.b.d.a.OptionalLiveReloadServer       : LiveReload server is running on port 35729
2026-05-12T15:22:39.525-04:00  INFO 29144 --- [maps-backend] [  restartedMain] c.a.maps_backend.service.ChatService     : System prompt cargado desde system_prompt.txt
2026-05-12T15:22:39.527-04:00  INFO 29144 --- [maps-backend] [  restartedMain] c.a.maps_backend.service.ChatService     : Contexto estructurado cargado desde context.json
2026-05-12T15:22:39.529-04:00  INFO 29144 --- [maps-backend] [  restartedMain] c.a.maps_backend.service.ChatService     : Se cargaron 13 conversaciones desde conversations.json
2026-05-12T15:22:39.554-04:00  INFO 29144 --- [maps-backend] [bv9.mongodb.net] org.mongodb.driver.cluster               : Adding discovered server ac-5bu8x0v-shard-00-00.3xx7bv9.mongodb.net:27017 to client view of cluster
2026-05-12T15:22:39.555-04:00  INFO 29144 --- [maps-backend] [bv9.mongodb.net] org.mongodb.driver.cluster               : Adding discovered server ac-5bu8x0v-shard-00-02.3xx7bv9.mongodb.net:27017 to client view of cluster
2026-05-12T15:22:39.556-04:00  INFO 29144 --- [maps-backend] [bv9.mongodb.net] org.mongodb.driver.cluster               : Adding discovered server ac-5bu8x0v-shard-00-01.3xx7bv9.mongodb.net:27017 to client view of cluster
2026-05-12T15:22:39.650-04:00  WARN 29144 --- [maps-backend] [  restartedMain] JpaBaseConfiguration$JpaWebConfiguration : spring.jpa.open-in-view is enabled by default. Therefore, database queries may be performed during view rendering. Explicitly configure spring.jpa.open-in-view to disable this warning
2026-05-12T15:22:39.834-04:00  INFO 29144 --- [maps-backend] [ngodb.net:27017] org.mongodb.driver.cluster               : Monitor thread successfully connected to server with description ServerDescription{address=ac-5bu8x0v-shard-00-01.3xx7bv9.mongodb.net:27017, type=REPLICA_SET_PRIMARY, state=CONNECTED, ok=true, minWireVersion=0, maxWireVersion=25, maxDocumentSize=16777216, logicalSessionTimeoutMinutes=30, roundTripTimeNanos=134001000, setName='atlas-60chbn-shard-0', canonicalAddress=ac-5bu8x0v-shard-00-01.3xx7bv9.mongodb.net:27017, hosts=[ac-5bu8x0v-shard-00-00.3xx7bv9.mongodb.net:27017, ac-5bu8x0v-shard-00-01.3xx7bv9.mongodb.net:27017, ac-5bu8x0v-shard-00-02.3xx7bv9.mongodb.net:27017], passives=[], arbiters=[], primary='ac-5bu8x0v-shard-00-01.3xx7bv9.mongodb.net:27017', tagSet=TagSet{[Tag{name='availabilityZone', value='sae1-az3'}, Tag{name='cacheState', value='READY'}, Tag{name='diskState', value='READY'}, Tag{name='nodeType', value='ELECTABLE'}, Tag{name='provider', value='AWS'}, Tag{name='region', value='SA_EAST_1'}, Tag{name='workloadType', value='OPERATIONAL'}]}, electionId=7fffffff00000000000000cc, setVersion=34, topologyVersion=TopologyVersion{processId=69ff7abb86414cfc7ae81622, counter=6}, lastWriteDate=Tue May 12 15:20:49 BOT 2026, lastUpdateTimeNanos=1825514896000}
2026-05-12T15:22:39.834-04:00  INFO 29144 --- [maps-backend] [ngodb.net:27017] org.mongodb.driver.cluster               : Discovered replica set primary ac-5bu8x0v-shard-00-01.3xx7bv9.mongodb.net:27017 with max election id 7fffffff00000000000000cc and max set version 34
2026-05-12T15:22:39.853-04:00  INFO 29144 --- [maps-backend] [  restartedMain] o.s.b.a.e.web.EndpointLinksResolver      : Exposing 1 endpoint(s) beneath base path '/actuator'
2026-05-12T15:22:39.865-04:00  INFO 29144 --- [maps-backend] [ngodb.net:27017] org.mongodb.driver.cluster               : Monitor thread successfully connected to server with description ServerDescription{address=ac-5bu8x0v-shard-00-00.3xx7bv9.mongodb.net:27017, type=REPLICA_SET_SECONDARY, state=CONNECTED, ok=true, minWireVersion=0, maxWireVersion=25, maxDocumentSize=16777216, logicalSessionTimeoutMinutes=30, roundTripTimeNanos=167347200, setName='atlas-60chbn-shard-0', canonicalAddress=ac-5bu8x0v-shard-00-00.3xx7bv9.mongodb.net:27017, hosts=[ac-5bu8x0v-shard-00-00.3xx7bv9.mongodb.net:27017, ac-5bu8x0v-shard-00-01.3xx7bv9.mongodb.net:27017, ac-5bu8x0v-shard-00-02.3xx7bv9.mongodb.net:27017], passives=[], arbiters=[], primary='ac-5bu8x0v-shard-00-01.3xx7bv9.mongodb.net:27017', tagSet=TagSet{[Tag{name='availabilityZone', value='sae1-az1'}, Tag{name='cacheState', value='READY'}, Tag{name='diskState', value='READY'}, Tag{name='nodeType', value='ELECTABLE'}, Tag{name='provider', value='AWS'}, Tag{name='region', value='SA_EAST_1'}, Tag{name='workloadType', value='OPERATIONAL'}]}, electionId=null, setVersion=34, topologyVersion=TopologyVersion{processId=69ff79004379065535811efc, counter=4}, lastWriteDate=Tue May 12 15:20:49 BOT 2026, lastUpdateTimeNanos=1825546559400}
2026-05-12T15:22:39.870-04:00  INFO 29144 --- [maps-backend] [  restartedMain] o.s.b.w.embedded.tomcat.TomcatWebServer  : Tomcat started on port 8080 (http) with context path ''
2026-05-12T15:22:39.874-04:00  INFO 29144 --- [maps-backend] [  restartedMain] c.a.maps_backend.MapsBackendApplication  : Started MapsBackendApplication in 4.507 seconds (process running for 337.539)
2026-05-12T15:22:39.876-04:00  INFO 29144 --- [maps-backend] [  restartedMain] .ConditionEvaluationDeltaLoggingListener : Condition evaluation unchanged
2026-05-12T15:22:39.931-04:00  INFO 29144 --- [maps-backend] [ngodb.net:27017] org.mongodb.driver.cluster               : Monitor thread successfully connected to server with description ServerDescription{address=ac-5bu8x0v-shard-00-02.3xx7bv9.mongodb.net:27017, type=REPLICA_SET_SECONDARY, state=CONNECTED, ok=true, minWireVersion=0, maxWireVersion=25, maxDocumentSize=16777216, logicalSessionTimeoutMinutes=30, roundTripTimeNanos=137726300, setName='atlas-60chbn-shard-0', canonicalAddress=ac-5bu8x0v-shard-00-02.3xx7bv9.mongodb.net:27017, hosts=[ac-5bu8x0v-shard-00-00.3xx7bv9.mongodb.net:27017, ac-5bu8x0v-shard-00-01.3xx7bv9.mongodb.net:27017, ac-5bu8x0v-shard-00-02.3xx7bv9.mongodb.net:27017], passives=[], arbiters=[], primary='ac-5bu8x0v-shard-00-01.3xx7bv9.mongodb.net:27017', tagSet=TagSet{[Tag{name='availabilityZone', value='sae1-az2'}, Tag{name='cacheState', value='READY'}, Tag{name='diskState', value='READY'}, Tag{name='nodeType', value='ELECTABLE'}, Tag{name='provider', value='AWS'}, Tag{name='region', value='SA_EAST_1'}, Tag{name='workloadType', value='OPERATIONAL'}]}, electionId=null, setVersion=34, topologyVersion=TopologyVersion{processId=69ff7c60e60997336d9271a2, counter=3}, lastWriteDate=Tue May 12 15:20:49 BOT 2026, lastUpdateTimeNanos=1825613011100}
2026-05-12T15:24:29.410-04:00  INFO 29144 --- [maps-backend] [   File Watcher] rtingClassPathChangeChangedEventListener : Restarting due to 93 class path changes (0 additions, 0 deletions, 93 modifications)
2026-05-12T15:24:29.629-04:00  INFO 29144 --- [maps-backend] [       Thread-7] j.LocalContainerEntityManagerFactoryBean : Closing JPA EntityManagerFactory for persistence unit 'default'
2026-05-12T15:24:29.631-04:00  INFO 29144 --- [maps-backend] [       Thread-7] com.zaxxer.hikari.HikariDataSource       : HikariPool-2 - Shutdown initiated...
2026-05-12T15:24:29.634-04:00  INFO 29144 --- [maps-backend] [       Thread-7] com.zaxxer.hikari.HikariDataSource       : HikariPool-2 - Shutdown completed.

  .   ____          _            __ _ _
 /\\ / ___'_ __ _ _(_)_ __  __ _ \ \ \ \
( ( )\___ | '_ | '_| | '_ \/ _` | \ \ \ \
 \\/  ___)| |_)| | | | | || (_| |  ) ) ) )
  '  |____| .__|_| |_|_| |_\__, | / / / /
 =========|_|==============|___/=/_/_/_/
 :: Spring Boot ::                (v3.2.4)

2026-05-12T15:24:29.719-04:00  INFO 29144 --- [maps-backend] [  restartedMain] c.a.maps_backend.MapsBackendApplication  : Starting MapsBackendApplication using Java 21.0.10 with PID 29144 (E:\UCB - ProgramsDeveloped\AntojitosMaps\Antogito_Maps_Backend\maps-backend\target\classes started by dougl in E:\UCB - ProgramsDeveloped\AntojitosMaps\Antogito_Maps_Backend\maps-backend)
2026-05-12T15:24:29.721-04:00  INFO 29144 --- [maps-backend] [  restartedMain] c.a.maps_backend.MapsBackendApplication  : No active profile set, falling back to 1 default profile: "default"
2026-05-12T15:24:30.129-04:00  INFO 29144 --- [maps-backend] [  restartedMain] .s.d.r.c.RepositoryConfigurationDelegate : Multiple Spring Data modules found, entering strict repository configuration mode
2026-05-12T15:24:30.129-04:00  INFO 29144 --- [maps-backend] [  restartedMain] .s.d.r.c.RepositoryConfigurationDelegate : Bootstrapping Spring Data JPA repositories in DEFAULT mode.
2026-05-12T15:24:30.137-04:00  INFO 29144 --- [maps-backend] [  restartedMain] .RepositoryConfigurationExtensionSupport : Spring Data JPA - Could not safely identify store assignment for repository candidate interface com.antojito.maps_backend.repository.ChatRepository; If you want this repository to be a JPA repository, consider annotating your entities with one of these annotations: jakarta.persistence.Entity, jakarta.persistence.MappedSuperclass (preferred), or consider extending one of the following types with your repository: org.springframework.data.jpa.repository.JpaRepository
2026-05-12T15:24:30.154-04:00  INFO 29144 --- [maps-backend] [  restartedMain] .s.d.r.c.RepositoryConfigurationDelegate : Finished Spring Data repository scanning in 24 ms. Found 5 JPA repository interfaces.
2026-05-12T15:24:30.157-04:00  INFO 29144 --- [maps-backend] [  restartedMain] .s.d.r.c.RepositoryConfigurationDelegate : Multiple Spring Data modules found, entering strict repository configuration mode
2026-05-12T15:24:30.157-04:00  INFO 29144 --- [maps-backend] [  restartedMain] .s.d.r.c.RepositoryConfigurationDelegate : Bootstrapping Spring Data MongoDB repositories in DEFAULT mode.
2026-05-12T15:24:30.160-04:00  INFO 29144 --- [maps-backend] [  restartedMain] .RepositoryConfigurationExtensionSupport : Spring Data MongoDB - Could not safely identify store assignment for repository candidate interface com.antojito.maps_backend.repository.AdminRepository; If you want this repository to be a MongoDB repository, consider annotating your entities with one of these annotations: org.springframework.data.mongodb.core.mapping.Document (preferred), or consider extending one of the following types with your repository: org.springframework.data.mongodb.repository.MongoRepository
2026-05-12T15:24:30.160-04:00  INFO 29144 --- [maps-backend] [  restartedMain] .RepositoryConfigurationExtensionSupport : Spring Data MongoDB - Could not safely identify store assignment for repository candidate interface com.antojito.maps_backend.repository.ClientRepository; If you want this repository to be a MongoDB repository, consider annotating your entities with one of these annotations: org.springframework.data.mongodb.core.mapping.Document (preferred), or consider extending one of the following types with your repository: org.springframework.data.mongodb.repository.MongoRepository
2026-05-12T15:24:30.162-04:00  INFO 29144 --- [maps-backend] [  restartedMain] .RepositoryConfigurationExtensionSupport : Spring Data MongoDB - Could not safely identify store assignment for repository candidate interface com.antojito.maps_backend.repository.ComplaintRepository; If you want this repository to be a MongoDB repository, consider annotating your entities with one of these annotations: org.springframework.data.mongodb.core.mapping.Document (preferred), or consider extending one of the following types with your repository: org.springframework.data.mongodb.repository.MongoRepository
2026-05-12T15:24:30.162-04:00  INFO 29144 --- [maps-backend] [  restartedMain] .RepositoryConfigurationExtensionSupport : Spring Data MongoDB - Could not safely identify store assignment for repository candidate interface com.antojito.maps_backend.repository.PromotionRepository; If you want this repository to be a MongoDB repository, consider annotating your entities with one of these annotations: org.springframework.data.mongodb.core.mapping.Document (preferred), or consider extending one of the following types with your repository: org.springframework.data.mongodb.repository.MongoRepository
2026-05-12T15:24:30.162-04:00  INFO 29144 --- [maps-backend] [  restartedMain] .RepositoryConfigurationExtensionSupport : Spring Data MongoDB - Could not safely identify store assignment for repository candidate interface com.antojito.maps_backend.repository.RestauranteRepository; If you want this repository to be a MongoDB repository, consider annotating your entities with one of these annotations: org.springframework.data.mongodb.core.mapping.Document (preferred), or consider extending one of the following types with your repository: org.springframework.data.mongodb.repository.MongoRepository
2026-05-12T15:24:30.165-04:00  INFO 29144 --- [maps-backend] [  restartedMain] .s.d.r.c.RepositoryConfigurationDelegate : Finished Spring Data repository scanning in 8 ms. Found 1 MongoDB repository interface.
2026-05-12T15:24:30.302-04:00  INFO 29144 --- [maps-backend] [  restartedMain] o.s.b.w.embedded.tomcat.TomcatWebServer  : Tomcat initialized with port 8080 (http)
2026-05-12T15:24:30.302-04:00  INFO 29144 --- [maps-backend] [  restartedMain] o.apache.catalina.core.StandardService   : Starting service [Tomcat]
2026-05-12T15:24:30.304-04:00  INFO 29144 --- [maps-backend] [  restartedMain] o.apache.catalina.core.StandardEngine    : Starting Servlet engine: [Apache Tomcat/10.1.19]
2026-05-12T15:24:30.339-04:00  INFO 29144 --- [maps-backend] [  restartedMain] o.a.c.c.C.[Tomcat].[localhost].[/]       : Initializing Spring embedded WebApplicationContext
2026-05-12T15:24:30.339-04:00  INFO 29144 --- [maps-backend] [  restartedMain] w.s.c.ServletWebServerApplicationContext : Root WebApplicationContext: initialization completed in 616 ms
2026-05-12T15:24:30.430-04:00  INFO 29144 --- [maps-backend] [  restartedMain] o.hibernate.jpa.internal.util.LogHelper  : HHH000204: Processing PersistenceUnitInfo [name: default]
2026-05-12T15:24:30.431-04:00  INFO 29144 --- [maps-backend] [  restartedMain] o.h.c.internal.RegionFactoryInitiator    : HHH000026: Second-level cache disabled
2026-05-12T15:24:30.435-04:00  INFO 29144 --- [maps-backend] [  restartedMain] o.s.o.j.p.SpringPersistenceUnitInfo      : No LoadTimeWeaver setup: ignoring JPA class transformer
2026-05-12T15:24:30.435-04:00  INFO 29144 --- [maps-backend] [  restartedMain] com.zaxxer.hikari.HikariDataSource       : HikariPool-3 - Starting...
2026-05-12T15:24:33.068-04:00  INFO 29144 --- [maps-backend] [  restartedMain] com.zaxxer.hikari.pool.HikariPool        : HikariPool-3 - Added connection org.postgresql.jdbc.PgConnection@2ba5319a
2026-05-12T15:24:33.069-04:00  INFO 29144 --- [maps-backend] [  restartedMain] com.zaxxer.hikari.HikariDataSource       : HikariPool-3 - Start completed.
2026-05-12T15:24:33.325-04:00  WARN 29144 --- [maps-backend] [  restartedMain] org.hibernate.orm.deprecation            : HHH90000025: PostgreSQLDialect does not need to be specified explicitly using 'hibernate.dialect' (remove the property setting and it will be selected by default)
2026-05-12T15:24:33.884-04:00  INFO 29144 --- [maps-backend] [  restartedMain] o.h.e.t.j.p.i.JtaPlatformInitiator       : HHH000489: No JTA platform available (set 'hibernate.transaction.jta.platform' to enable JTA platform integration)
2026-05-12T15:24:33.885-04:00  INFO 29144 --- [maps-backend] [  restartedMain] j.LocalContainerEntityManagerFactoryBean : Initialized JPA EntityManagerFactory for persistence unit 'default'
2026-05-12T15:24:34.083-04:00  INFO 29144 --- [maps-backend] [  restartedMain] org.mongodb.driver.client                : MongoClient with metadata {"application": {"name": "Cluster0"}, "driver": {"name": "mongo-java-driver|sync|spring-boot", "version": "4.11.1"}, "os": {"type": "Windows", "name": "Windows 11", "architecture": "amd64", "version": "10.0"}, "platform": "Java/Oracle Corporation/21.0.10+8-LTS-217"} created with settings MongoClientSettings{readPreference=primary, writeConcern=WriteConcern{w=null, wTimeout=null ms, journal=null}, retryWrites=true, retryReads=true, readConcern=ReadConcern{level=null}, credential=MongoCredential{mechanism=null, userName='admin', source='admin', password=<hidden>, mechanismProperties=<hidden>}, transportSettings=null, streamFactoryFactory=null, commandListeners=[io.micrometer.core.instrument.binder.mongodb.MongoMetricsCommandListener@7b86c08b], codecRegistry=ProvidersCodecRegistry{codecProviders=[ValueCodecProvider{}, BsonValueCodecProvider{}, DBRefCodecProvider{}, DBObjectCodecProvider{}, DocumentCodecProvider{}, CollectionCodecProvider{}, IterableCodecProvider{}, MapCodecProvider{}, GeoJsonCodecProvider{}, GridFSFileCodecProvider{}, Jsr310CodecProvider{}, JsonObjectCodecProvider{}, BsonCodecProvider{}, EnumCodecProvider{}, com.mongodb.client.model.mql.ExpressionCodecProvider@3399a372, com.mongodb.Jep395RecordCodecProvider@3136c3e, com.mongodb.KotlinCodecProvider@109e3e57]}, loggerSettings=LoggerSettings{maxDocumentLength=1000}, clusterSettings={hosts=[127.0.0.1:27017], srvHost=cluster0.3xx7bv9.mongodb.net, srvServiceName=mongodb, mode=MULTIPLE, requiredClusterType=REPLICA_SET, requiredReplicaSetName='atlas-60chbn-shard-0', serverSelector='null', clusterListeners='[]', serverSelectionTimeout='30000 ms', localThreshold='15 ms'}, socketSettings=SocketSettings{connectTimeoutMS=10000, readTimeoutMS=0, receiveBufferSize=0, proxySettings=ProxySettings{host=null, port=null, username=null, password=null}}, heartbeatSocketSettings=SocketSettings{connectTimeoutMS=10000, readTimeoutMS=10000, receiveBufferSize=0, proxySettings=ProxySettings{host=null, port=null, username=null, password=null}}, connectionPoolSettings=ConnectionPoolSettings{maxSize=100, minSize=0, maxWaitTimeMS=120000, maxConnectionLifeTimeMS=0, maxConnectionIdleTimeMS=0, maintenanceInitialDelayMS=0, maintenanceFrequencyMS=60000, connectionPoolListeners=[io.micrometer.core.instrument.binder.mongodb.MongoMetricsConnectionPoolListener@36e48908], maxConnecting=2}, serverSettings=ServerSettings{heartbeatFrequencyMS=10000, minHeartbeatFrequencyMS=500, serverListeners='[]', serverMonitorListeners='[]'}, sslSettings=SslSettings{enabled=true, invalidHostNameAllowed=false, context=null}, applicationName='Cluster0', compressorList=[], uuidRepresentation=JAVA_LEGACY, serverApi=null, autoEncryptionSettings=null, dnsClient=null, inetAddressResolver=null, contextProvider=null}
2026-05-12T15:24:34.100-04:00  INFO 29144 --- [maps-backend] [  restartedMain] o.s.b.d.a.OptionalLiveReloadServer       : LiveReload server is running on port 35729
2026-05-12T15:24:34.133-04:00  INFO 29144 --- [maps-backend] [  restartedMain] c.a.maps_backend.service.ChatService     : System prompt cargado desde system_prompt.txt
2026-05-12T15:24:34.134-04:00  INFO 29144 --- [maps-backend] [  restartedMain] c.a.maps_backend.service.ChatService     : Contexto estructurado cargado desde context.json
2026-05-12T15:24:34.135-04:00  INFO 29144 --- [maps-backend] [  restartedMain] c.a.maps_backend.service.ChatService     : Se cargaron 13 conversaciones desde conversations.json
2026-05-12T15:24:34.162-04:00  INFO 29144 --- [maps-backend] [bv9.mongodb.net] org.mongodb.driver.cluster               : Adding discovered server ac-5bu8x0v-shard-00-00.3xx7bv9.mongodb.net:27017 to client view of cluster
2026-05-12T15:24:34.163-04:00  INFO 29144 --- [maps-backend] [bv9.mongodb.net] org.mongodb.driver.cluster               : Adding discovered server ac-5bu8x0v-shard-00-02.3xx7bv9.mongodb.net:27017 to client view of cluster
2026-05-12T15:24:34.163-04:00  INFO 29144 --- [maps-backend] [bv9.mongodb.net] org.mongodb.driver.cluster               : Adding discovered server ac-5bu8x0v-shard-00-01.3xx7bv9.mongodb.net:27017 to client view of cluster
2026-05-12T15:24:34.262-04:00  WARN 29144 --- [maps-backend] [  restartedMain] JpaBaseConfiguration$JpaWebConfiguration : spring.jpa.open-in-view is enabled by default. Therefore, database queries may be performed during view rendering. Explicitly configure spring.jpa.open-in-view to disable this warning
2026-05-12T15:24:34.366-04:00  INFO 29144 --- [maps-backend] [ngodb.net:27017] org.mongodb.driver.cluster               : Monitor thread successfully connected to server with description ServerDescription{address=ac-5bu8x0v-shard-00-01.3xx7bv9.mongodb.net:27017, type=REPLICA_SET_PRIMARY, state=CONNECTED, ok=true, minWireVersion=0, maxWireVersion=25, maxDocumentSize=16777216, logicalSessionTimeoutMinutes=30, roundTripTimeNanos=132973100, setName='atlas-60chbn-shard-0', canonicalAddress=ac-5bu8x0v-shard-00-01.3xx7bv9.mongodb.net:27017, hosts=[ac-5bu8x0v-shard-00-00.3xx7bv9.mongodb.net:27017, ac-5bu8x0v-shard-00-01.3xx7bv9.mongodb.net:27017, ac-5bu8x0v-shard-00-02.3xx7bv9.mongodb.net:27017], passives=[], arbiters=[], primary='ac-5bu8x0v-shard-00-01.3xx7bv9.mongodb.net:27017', tagSet=TagSet{[Tag{name='availabilityZone', value='sae1-az3'}, Tag{name='cacheState', value='READY'}, Tag{name='diskState', value='READY'}, Tag{name='nodeType', value='ELECTABLE'}, Tag{name='provider', value='AWS'}, Tag{name='region', value='SA_EAST_1'}, Tag{name='workloadType', value='OPERATIONAL'}]}, electionId=7fffffff00000000000000cc, setVersion=34, topologyVersion=TopologyVersion{processId=69ff7abb86414cfc7ae81622, counter=6}, lastWriteDate=Tue May 12 15:22:44 BOT 2026, lastUpdateTimeNanos=1940048210800}
2026-05-12T15:24:34.366-04:00  INFO 29144 --- [maps-backend] [ngodb.net:27017] org.mongodb.driver.cluster               : Discovered replica set primary ac-5bu8x0v-shard-00-01.3xx7bv9.mongodb.net:27017 with max election id 7fffffff00000000000000cc and max set version 34
2026-05-12T15:24:34.392-04:00  INFO 29144 --- [maps-backend] [ngodb.net:27017] org.mongodb.driver.cluster               : Monitor thread successfully connected to server with description ServerDescription{address=ac-5bu8x0v-shard-00-00.3xx7bv9.mongodb.net:27017, type=REPLICA_SET_SECONDARY, state=CONNECTED, ok=true, minWireVersion=0, maxWireVersion=25, maxDocumentSize=16777216, logicalSessionTimeoutMinutes=30, roundTripTimeNanos=166258200, setName='atlas-60chbn-shard-0', canonicalAddress=ac-5bu8x0v-shard-00-00.3xx7bv9.mongodb.net:27017, hosts=[ac-5bu8x0v-shard-00-00.3xx7bv9.mongodb.net:27017, ac-5bu8x0v-shard-00-01.3xx7bv9.mongodb.net:27017, ac-5bu8x0v-shard-00-02.3xx7bv9.mongodb.net:27017], passives=[], arbiters=[], primary='ac-5bu8x0v-shard-00-01.3xx7bv9.mongodb.net:27017', tagSet=TagSet{[Tag{name='availabilityZone', value='sae1-az1'}, Tag{name='cacheState', value='READY'}, Tag{name='diskState', value='READY'}, Tag{name='nodeType', value='ELECTABLE'}, Tag{name='provider', value='AWS'}, Tag{name='region', value='SA_EAST_1'}, Tag{name='workloadType', value='OPERATIONAL'}]}, electionId=null, setVersion=34, topologyVersion=TopologyVersion{processId=69ff79004379065535811efc, counter=4}, lastWriteDate=Tue May 12 15:22:44 BOT 2026, lastUpdateTimeNanos=1940073376500}
2026-05-12T15:24:34.408-04:00  INFO 29144 --- [maps-backend] [ngodb.net:27017] org.mongodb.driver.cluster               : Monitor thread successfully connected to server with description ServerDescription{address=ac-5bu8x0v-shard-00-02.3xx7bv9.mongodb.net:27017, type=REPLICA_SET_SECONDARY, state=CONNECTED, ok=true, minWireVersion=0, maxWireVersion=25, maxDocumentSize=16777216, logicalSessionTimeoutMinutes=30, roundTripTimeNanos=173888900, setName='atlas-60chbn-shard-0', canonicalAddress=ac-5bu8x0v-shard-00-02.3xx7bv9.mongodb.net:27017, hosts=[ac-5bu8x0v-shard-00-00.3xx7bv9.mongodb.net:27017, ac-5bu8x0v-shard-00-01.3xx7bv9.mongodb.net:27017, ac-5bu8x0v-shard-00-02.3xx7bv9.mongodb.net:27017], passives=[], arbiters=[], primary='ac-5bu8x0v-shard-00-01.3xx7bv9.mongodb.net:27017', tagSet=TagSet{[Tag{name='availabilityZone', value='sae1-az2'}, Tag{name='cacheState', value='READY'}, Tag{name='diskState', value='READY'}, Tag{name='nodeType', value='ELECTABLE'}, Tag{name='provider', value='AWS'}, Tag{name='region', value='SA_EAST_1'}, Tag{name='workloadType', value='OPERATIONAL'}]}, electionId=null, setVersion=34, topologyVersion=TopologyVersion{processId=69ff7c60e60997336d9271a2, counter=3}, lastWriteDate=Tue May 12 15:22:44 BOT 2026, lastUpdateTimeNanos=1940089328900}
2026-05-12T15:24:34.460-04:00  INFO 29144 --- [maps-backend] [  restartedMain] o.s.b.a.e.web.EndpointLinksResolver      : Exposing 1 endpoint(s) beneath base path '/actuator'
2026-05-12T15:24:34.473-04:00  INFO 29144 --- [maps-backend] [  restartedMain] o.s.b.w.embedded.tomcat.TomcatWebServer  : Tomcat started on port 8080 (http) with context path ''
2026-05-12T15:24:34.479-04:00  INFO 29144 --- [maps-backend] [  restartedMain] c.a.maps_backend.MapsBackendApplication  : Started MapsBackendApplication in 4.795 seconds (process running for 452.144)
2026-05-12T15:24:34.480-04:00  INFO 29144 --- [maps-backend] [  restartedMain] .ConditionEvaluationDeltaLoggingListener : Condition evaluation unchanged
